Self called
10
20
537824
40 is not in list [50, 60]
450
15000
1380