It works!
It works still!
Coke
Coke is the best
Coke is the best still!