>>>
AssertError\: Non empty list expected.*assert\.b\:3\:1 \-\> @\.script\(\)