3
10
scone with berries and cream
Person is shouting
2001
welcome Richard. You are 15 years old
welcome Jane. You are 25 years old
A
Name is set
hello
hello again
170
Name is set