outer
return from outer
create inner closure
value
1498500
1498500
1498500
1498500
1498500
1498500
1498500
1498500
1498500
1498500