1
2
3
4
name = Richard
0 = 6
11
12
13
14
15
age = 27
0 = 6
11
12
13
14
15
address = Nigeria
0 = 6
11
12
13
14
15
n
a
m
e
Richard
Alex
Justina