outer
It works! inner
Richard
20
[James]
nil
Sin 10 = -0.5440211108893656