[1, 2, 3, 4, 5]
[1, Ink, 3.5, false, A, nil]
[1, Ink, 3.5, false, Maggie, nil]
[1, Ink, 3.5, false, Maggie, nil, Apple, Peach]
[1, Ink, 3.5, false, Maggie, nil, Apple, Peach, 1, Ink, 3.5, false, Maggie, nil, Apple, Peach, 1, Ink, 3.5, false, Maggie, nil, Apple, Peach]
4
[[1, 2, 4], [4, 5, 6], [7, 8, 9]]