It works
I have 20 naira
Simon says "I am great"
"I am great" at 25, This is john's LAST 20 cent