>>>
Error: Something happened\n\s+at.*try\-catch\-finally\.b:3:3 \-\> @\.script\(\)\nCleaning up