>>>
Error: Something happened\n\s+at.*try\-catch\.b:3:3 \-\> @\.script\(\)