^^^
try must declare at least one of `catch` or `finally`