^^^
ArgumentError: '+' is not defined for call signature (A, A)