------------ Test 1 ------------
[1, 2, 3]
------------ Test 2 ------------
10
20
[hello, [1, 2, 3]]
------------ Test 3 ------------
10
nil
nil
[]
------------ Test 4 ------------
10
12
nil
[]
------------ Test 5 ------------
10
12
14
[]