1
2
3
4
5
6
7
8
9
10
x = 100
x = 99
x = 98
x = 97
x = 96
x = 95
x = 94
x = 93
x = 92
x = 91
x = 90
x = 89
x = 88
x = 87
x = 86
x = 85
x = 84
x = 83
x = 82
x = 81
x = 80
x = 79
x = 78
x = 77
x = 76
x = 75
x = 74
x = 73
x = 72
x = 71
x = 70
x = 69
x = 68
x = 67
x = 66
x = 65
x = 64
x = 63
x = 62
x = 61
x = 60
x = 59
x = 58
x = 57
x = 56
x = 55
x = 54
x = 53
x = 52
x = 51